---
source: src/cli.rs
expression: err
---
Create a new environment

Usage: cub new [OPTIONS] <NAME>

Arguments:
  <NAME>
          New environment name

Options:
      --enter
          Run a shell in new environment

      --packages <PACKAGES>
          Comma-separated names of packages to inject into home directory.
          
          If omitted, uses the "default" package.
          
          Wildcards are allowed: `?` matches a single character and `*` matches zero or more
          characters.

  -h, --help
          Print help information (use `-h` for a summary)

