---
source: src/cli.rs
expression: err
---
Run a command in an existing environment

Usage: cub exec <NAME> -- <COMMAND>...

Arguments:
  <NAME>
          Environment name.
          
          Wildcards are allowed: `?` matches a single character and `*` matches zero or more
          characters.

  <COMMAND>...
          Command and arguments to run

Options:
  -h, --help
          Print help (see a summary with '-h')

