---
source: src/cli.rs
expression: err
---
Run a shell in an existing environment

Usage: cub enter <NAME>

Arguments:
  <NAME>
          Environment name.
          
          Wildcards are allowed: `?` matches a single character and `*` matches zero or more
          characters.

Options:
  -h, --help
          Print help information (use `-h` for a summary)

