---
source: src/cli.rs
expression: buf
---
_cub() {
    local i cur prev opts cmd
    COMPREPLY=()
    cur="${COMP_WORDS[COMP_CWORD]}"
    prev="${COMP_WORDS[COMP_CWORD-1]}"
    cmd=""
    opts=""

    for i in ${COMP_WORDS[@]}
    do
        case "${cmd},${i}" in
            ",$1")
                cmd="cub"
                ;;
            cub,completions)
                cmd="cub__completions"
                ;;
            cub,enter)
                cmd="cub__enter"
                ;;
            cub,exec)
                cmd="cub__exec"
                ;;
            cub,help)
                cmd="cub__help"
                ;;
            cub,list)
                cmd="cub__list"
                ;;
            cub,new)
                cmd="cub__new"
                ;;
            cub,package)
                cmd="cub__package"
                ;;
            cub,purge)
                cmd="cub__purge"
                ;;
            cub,reset)
                cmd="cub__reset"
                ;;
            cub,tmp)
                cmd="cub__tmp"
                ;;
            cub__help,completions)
                cmd="cub__help__completions"
                ;;
            cub__help,enter)
                cmd="cub__help__enter"
                ;;
            cub__help,exec)
                cmd="cub__help__exec"
                ;;
            cub__help,help)
                cmd="cub__help__help"
                ;;
            cub__help,list)
                cmd="cub__help__list"
                ;;
            cub__help,new)
                cmd="cub__help__new"
                ;;
            cub__help,package)
                cmd="cub__help__package"
                ;;
            cub__help,purge)
                cmd="cub__help__purge"
                ;;
            cub__help,reset)
                cmd="cub__help__reset"
                ;;
            cub__help,tmp)
                cmd="cub__help__tmp"
                ;;
            cub__help__package,list)
                cmd="cub__help__package__list"
                ;;
            cub__help__package,update)
                cmd="cub__help__package__update"
                ;;
            cub__package,help)
                cmd="cub__package__help"
                ;;
            cub__package,list)
                cmd="cub__package__list"
                ;;
            cub__package,update)
                cmd="cub__package__update"
                ;;
            cub__package__help,help)
                cmd="cub__package__help__help"
                ;;
            cub__package__help,list)
                cmd="cub__package__help__list"
                ;;
            cub__package__help,update)
                cmd="cub__package__help__update"
                ;;
            *)
                ;;
        esac
    done

    case "${cmd}" in
        cub)
            opts="-c -h --config --help completions enter exec list package new purge reset tmp help"
            if [[ ${cur} == -* || ${COMP_CWORD} -eq 1 ]] ; then
                COMPREPLY=( $(compgen -W "${opts}" -- "${cur}") )
                return 0
            fi
            case "${prev}" in
                --config)
                    COMPREPLY=($(compgen -f "${cur}"))
                    if [[ "${BASH_VERSINFO[0]}" -ge 4 ]]; then
                        compopt -o filenames
                    fi
                    return 0
                    ;;
                -c)
                    COMPREPLY=($(compgen -f "${cur}"))
                    if [[ "${BASH_VERSINFO[0]}" -ge 4 ]]; then
                        compopt -o filenames
                    fi
                    return 0
                    ;;
                *)
                    COMPREPLY=()
                    ;;
            esac
            COMPREPLY=( $(compgen -W "${opts}" -- "${cur}") )
            return 0
            ;;
        cub__completions)
            opts="-h --help bash elvish fish powershell zsh"
            if [[ ${cur} == -* || ${COMP_CWORD} -eq 2 ]] ; then
                COMPREPLY=( $(compgen -W "${opts}" -- "${cur}") )
                return 0
            fi
            case "${prev}" in
                *)
                    COMPREPLY=()
                    ;;
            esac
            COMPREPLY=( $(compgen -W "${opts}" -- "${cur}") )
            return 0
            ;;
        cub__enter)
            opts="-h --help <NAME>"
            if [[ ${cur} == -* || ${COMP_CWORD} -eq 2 ]] ; then
                COMPREPLY=( $(compgen -W "${opts}" -- "${cur}") )
                return 0
            fi
            case "${prev}" in
                *)
                    COMPREPLY=()
                    ;;
            esac
            COMPREPLY=( $(compgen -W "${opts}" -- "${cur}") )
            return 0
            ;;
        cub__exec)
            opts="-h --help <NAME> <COMMAND>..."
            if [[ ${cur} == -* || ${COMP_CWORD} -eq 2 ]] ; then
                COMPREPLY=( $(compgen -W "${opts}" -- "${cur}") )
                return 0
            fi
            case "${prev}" in
                *)
                    COMPREPLY=()
                    ;;
            esac
            COMPREPLY=( $(compgen -W "${opts}" -- "${cur}") )
            return 0
            ;;
        cub__help)
            opts="completions enter exec list package new purge reset tmp help"
            if [[ ${cur} == -* || ${COMP_CWORD} -eq 2 ]] ; then
                COMPREPLY=( $(compgen -W "${opts}" -- "${cur}") )
                return 0
            fi
            case "${prev}" in
                *)
                    COMPREPLY=()
                    ;;
            esac
            COMPREPLY=( $(compgen -W "${opts}" -- "${cur}") )
            return 0
            ;;
        cub__help__completions)
            opts=""
            if [[ ${cur} == -* || ${COMP_CWORD} -eq 3 ]] ; then
                COMPREPLY=( $(compgen -W "${opts}" -- "${cur}") )
                return 0
            fi
            case "${prev}" in
                *)
                    COMPREPLY=()
                    ;;
            esac
            COMPREPLY=( $(compgen -W "${opts}" -- "${cur}") )
            return 0
            ;;
        cub__help__enter)
            opts=""
            if [[ ${cur} == -* || ${COMP_CWORD} -eq 3 ]] ; then
                COMPREPLY=( $(compgen -W "${opts}" -- "${cur}") )
                return 0
            fi
            case "${prev}" in
                *)
                    COMPREPLY=()
                    ;;
            esac
            COMPREPLY=( $(compgen -W "${opts}" -- "${cur}") )
            return 0
            ;;
        cub__help__exec)
            opts=""
            if [[ ${cur} == -* || ${COMP_CWORD} -eq 3 ]] ; then
                COMPREPLY=( $(compgen -W "${opts}" -- "${cur}") )
                return 0
            fi
            case "${prev}" in
                *)
                    COMPREPLY=()
                    ;;
            esac
            COMPREPLY=( $(compgen -W "${opts}" -- "${cur}") )
            return 0
            ;;
        cub__help__help)
            opts=""
            if [[ ${cur} == -* || ${COMP_CWORD} -eq 3 ]] ; then
                COMPREPLY=( $(compgen -W "${opts}" -- "${cur}") )
                return 0
            fi
            case "${prev}" in
                *)
                    COMPREPLY=()
                    ;;
            esac
            COMPREPLY=( $(compgen -W "${opts}" -- "${cur}") )
            return 0
            ;;
        cub__help__list)
            opts=""
            if [[ ${cur} == -* || ${COMP_CWORD} -eq 3 ]] ; then
                COMPREPLY=( $(compgen -W "${opts}" -- "${cur}") )
                return 0
            fi
            case "${prev}" in
                *)
                    COMPREPLY=()
                    ;;
            esac
            COMPREPLY=( $(compgen -W "${opts}" -- "${cur}") )
            return 0
            ;;
        cub__help__new)
            opts=""
            if [[ ${cur} == -* || ${COMP_CWORD} -eq 3 ]] ; then
                COMPREPLY=( $(compgen -W "${opts}" -- "${cur}") )
                return 0
            fi
            case "${prev}" in
                *)
                    COMPREPLY=()
                    ;;
            esac
            COMPREPLY=( $(compgen -W "${opts}" -- "${cur}") )
            return 0
            ;;
        cub__help__package)
            opts="list update"
            if [[ ${cur} == -* || ${COMP_CWORD} -eq 3 ]] ; then
                COMPREPLY=( $(compgen -W "${opts}" -- "${cur}") )
                return 0
            fi
            case "${prev}" in
                *)
                    COMPREPLY=()
                    ;;
            esac
            COMPREPLY=( $(compgen -W "${opts}" -- "${cur}") )
            return 0
            ;;
        cub__help__package__list)
            opts=""
            if [[ ${cur} == -* || ${COMP_CWORD} -eq 4 ]] ; then
                COMPREPLY=( $(compgen -W "${opts}" -- "${cur}") )
                return 0
            fi
            case "${prev}" in
                *)
                    COMPREPLY=()
                    ;;
            esac
            COMPREPLY=( $(compgen -W "${opts}" -- "${cur}") )
            return 0
            ;;
        cub__help__package__update)
            opts=""
            if [[ ${cur} == -* || ${COMP_CWORD} -eq 4 ]] ; then
                COMPREPLY=( $(compgen -W "${opts}" -- "${cur}") )
                return 0
            fi
            case "${prev}" in
                *)
                    COMPREPLY=()
                    ;;
            esac
            COMPREPLY=( $(compgen -W "${opts}" -- "${cur}") )
            return 0
            ;;
        cub__help__purge)
            opts=""
            if [[ ${cur} == -* || ${COMP_CWORD} -eq 3 ]] ; then
                COMPREPLY=( $(compgen -W "${opts}" -- "${cur}") )
                return 0
            fi
            case "${prev}" in
                *)
                    COMPREPLY=()
                    ;;
            esac
            COMPREPLY=( $(compgen -W "${opts}" -- "${cur}") )
            return 0
            ;;
        cub__help__reset)
            opts=""
            if [[ ${cur} == -* || ${COMP_CWORD} -eq 3 ]] ; then
                COMPREPLY=( $(compgen -W "${opts}" -- "${cur}") )
                return 0
            fi
            case "${prev}" in
                *)
                    COMPREPLY=()
                    ;;
            esac
            COMPREPLY=( $(compgen -W "${opts}" -- "${cur}") )
            return 0
            ;;
        cub__help__tmp)
            opts=""
            if [[ ${cur} == -* || ${COMP_CWORD} -eq 3 ]] ; then
                COMPREPLY=( $(compgen -W "${opts}" -- "${cur}") )
                return 0
            fi
            case "${prev}" in
                *)
                    COMPREPLY=()
                    ;;
            esac
            COMPREPLY=( $(compgen -W "${opts}" -- "${cur}") )
            return 0
            ;;
        cub__list)
            opts="-h --format --help"
            if [[ ${cur} == -* || ${COMP_CWORD} -eq 2 ]] ; then
                COMPREPLY=( $(compgen -W "${opts}" -- "${cur}") )
                return 0
            fi
            case "${prev}" in
                --format)
                    COMPREPLY=($(compgen -W "default json names" -- "${cur}"))
                    return 0
                    ;;
                *)
                    COMPREPLY=()
                    ;;
            esac
            COMPREPLY=( $(compgen -W "${opts}" -- "${cur}") )
            return 0
            ;;
        cub__new)
            opts="-h --enter --packages --help <NAME>"
            if [[ ${cur} == -* || ${COMP_CWORD} -eq 2 ]] ; then
                COMPREPLY=( $(compgen -W "${opts}" -- "${cur}") )
                return 0
            fi
            case "${prev}" in
                --packages)
                    COMPREPLY=($(compgen -f "${cur}"))
                    return 0
                    ;;
                *)
                    COMPREPLY=()
                    ;;
            esac
            COMPREPLY=( $(compgen -W "${opts}" -- "${cur}") )
            return 0
            ;;
        cub__package)
            opts="-h --help list update help"
            if [[ ${cur} == -* || ${COMP_CWORD} -eq 2 ]] ; then
                COMPREPLY=( $(compgen -W "${opts}" -- "${cur}") )
                return 0
            fi
            case "${prev}" in
                *)
                    COMPREPLY=()
                    ;;
            esac
            COMPREPLY=( $(compgen -W "${opts}" -- "${cur}") )
            return 0
            ;;
        cub__package__help)
            opts="list update help"
            if [[ ${cur} == -* || ${COMP_CWORD} -eq 3 ]] ; then
                COMPREPLY=( $(compgen -W "${opts}" -- "${cur}") )
                return 0
            fi
            case "${prev}" in
                *)
                    COMPREPLY=()
                    ;;
            esac
            COMPREPLY=( $(compgen -W "${opts}" -- "${cur}") )
            return 0
            ;;
        cub__package__help__help)
            opts=""
            if [[ ${cur} == -* || ${COMP_CWORD} -eq 4 ]] ; then
                COMPREPLY=( $(compgen -W "${opts}" -- "${cur}") )
                return 0
            fi
            case "${prev}" in
                *)
                    COMPREPLY=()
                    ;;
            esac
            COMPREPLY=( $(compgen -W "${opts}" -- "${cur}") )
            return 0
            ;;
        cub__package__help__list)
            opts=""
            if [[ ${cur} == -* || ${COMP_CWORD} -eq 4 ]] ; then
                COMPREPLY=( $(compgen -W "${opts}" -- "${cur}") )
                return 0
            fi
            case "${prev}" in
                *)
                    COMPREPLY=()
                    ;;
            esac
            COMPREPLY=( $(compgen -W "${opts}" -- "${cur}") )
            return 0
            ;;
        cub__package__help__update)
            opts=""
            if [[ ${cur} == -* || ${COMP_CWORD} -eq 4 ]] ; then
                COMPREPLY=( $(compgen -W "${opts}" -- "${cur}") )
                return 0
            fi
            case "${prev}" in
                *)
                    COMPREPLY=()
                    ;;
            esac
            COMPREPLY=( $(compgen -W "${opts}" -- "${cur}") )
            return 0
            ;;
        cub__package__list)
            opts="-h --format --help"
            if [[ ${cur} == -* || ${COMP_CWORD} -eq 3 ]] ; then
                COMPREPLY=( $(compgen -W "${opts}" -- "${cur}") )
                return 0
            fi
            case "${prev}" in
                --format)
                    COMPREPLY=($(compgen -W "default json names" -- "${cur}"))
                    return 0
                    ;;
                *)
                    COMPREPLY=()
                    ;;
            esac
            COMPREPLY=( $(compgen -W "${opts}" -- "${cur}") )
            return 0
            ;;
        cub__package__update)
            opts="-h --clean --skip-deps --help <PACKAGES>..."
            if [[ ${cur} == -* || ${COMP_CWORD} -eq 3 ]] ; then
                COMPREPLY=( $(compgen -W "${opts}" -- "${cur}") )
                return 0
            fi
            case "${prev}" in
                *)
                    COMPREPLY=()
                    ;;
            esac
            COMPREPLY=( $(compgen -W "${opts}" -- "${cur}") )
            return 0
            ;;
        cub__purge)
            opts="-h --help <NAMES>..."
            if [[ ${cur} == -* || ${COMP_CWORD} -eq 2 ]] ; then
                COMPREPLY=( $(compgen -W "${opts}" -- "${cur}") )
                return 0
            fi
            case "${prev}" in
                *)
                    COMPREPLY=()
                    ;;
            esac
            COMPREPLY=( $(compgen -W "${opts}" -- "${cur}") )
            return 0
            ;;
        cub__reset)
            opts="-h --packages --help <NAMES>..."
            if [[ ${cur} == -* || ${COMP_CWORD} -eq 2 ]] ; then
                COMPREPLY=( $(compgen -W "${opts}" -- "${cur}") )
                return 0
            fi
            case "${prev}" in
                --packages)
                    COMPREPLY=($(compgen -f "${cur}"))
                    return 0
                    ;;
                *)
                    COMPREPLY=()
                    ;;
            esac
            COMPREPLY=( $(compgen -W "${opts}" -- "${cur}") )
            return 0
            ;;
        cub__tmp)
            opts="-h --packages --help"
            if [[ ${cur} == -* || ${COMP_CWORD} -eq 2 ]] ; then
                COMPREPLY=( $(compgen -W "${opts}" -- "${cur}") )
                return 0
            fi
            case "${prev}" in
                --packages)
                    COMPREPLY=($(compgen -f "${cur}"))
                    return 0
                    ;;
                *)
                    COMPREPLY=()
                    ;;
            esac
            COMPREPLY=( $(compgen -W "${opts}" -- "${cur}") )
            return 0
            ;;
    esac
}

if [[ "${BASH_VERSINFO[0]}" -eq 4 && "${BASH_VERSINFO[1]}" -ge 4 || "${BASH_VERSINFO[0]}" -gt 4 ]]; then
    complete -F _cub -o nosort -o bashdefault -o default cub
else
    complete -F _cub -o bashdefault -o default cub
fi

