Show available packages

Usage: cub package list [OPTIONS]

Options:
      --format <FORMAT>
          Set output format
          
          [default: default]

          Possible values:
          - default: Human-formatted table
          - json:    Detailed JSON output for machine consumption
          - names:   Newline-delimited list of package names only

  -h, --help
          Print help (see a summary with '-h')
