---
source: src/cli.rs
expression: err
---
View and manage packages

Usage: cub package <COMMAND>

Commands:
  list    Show available packages
  update  (Re-)build one or more packages
  help    Print this message or the help of the given subcommand(s)

Options:
  -h, --help  Print help information

