---
source: src/cli.rs
expression: err
---
Recreate an environment (keeping only its work directory)

Usage: cub reset [OPTIONS] <NAMES>...

Arguments:
  <NAMES>...
          Environment name(s).
          
          Wildcards are allowed: `?` matches a single character and `*` matches zero or more
          characters.

Options:
      --packages <PACKAGES>
          Comma-separated names of packages to inject into home directory.
          
          If omitted, uses the packages from the `package.txt` file in the environment's work
          directory. This is automatically written when the environment is created or reset.
          
          Wildcards are allowed: `?` matches a single character and `*` matches zero or more
          characters.

  -h, --help
          Print help information (use `-h` for a summary)

