---
source: src/cli.rs
expression: err
---
cub-enter 
Run a shell in an existing environment

USAGE:
    cub enter <NAME>

ARGS:
    <NAME>
            Environment name.
            
            Wildcards are allowed: `?` matches a single character and `*` matches zero or more
            characters.

OPTIONS:
    -h, --help
            Print help information. Use --help for more details

