---
source: src/cli.rs
expression: err
---
cubicle 
Manage sandboxed development environments

USAGE:
    cub <SUBCOMMAND>

OPTIONS:
    -h, --help    Print help information. Use --help for more details

SUBCOMMANDS:
    completions    Generate tab-completions for your shell
    enter          Run a shell in an existing environment
    exec           Run a command in an existing environment
    help           Print this message or the help of the given subcommand(s)
    list           Show existing environments
    new            Create a new environment
    packages       Show available packages
    purge          Delete environment(s) and their work directories
    reset          Recreate an environment (keeping its work directory)
    tmp            Create and enter a new temporary environment

